// Vitest Snapshot v1, https://vitest.dev/guide/snapshot.html

exports[`Action > should serialize 1`] = `
{
  "actions": [
    {
      "action": {
        "actionId": "placeOrder",
        "actionType": "BookStore::Action",
      },
      "resource": {
        "entityId": "2",
        "entityType": "BookStore::Order",
      },
    },
    {
      "action": {
        "actionId": "cancelOrder",
        "actionType": "BookStore::Action",
      },
      "context": {
        "contextMap": {
          "author": {
            "entityIdentifier": {
              "entityId": "1",
              "entityType": "BookStore::Author",
            },
          },
          "reason": {
            "string": "Cancelled by customer",
          },
        },
      },
      "principal": {
        "entityId": "1",
        "entityType": "BookStore::User",
      },
      "resource": {
        "entityId": "2",
        "entityType": "BookStore::Order",
      },
    },
  ],
  "entities": [
    {
      "attributes": {
        "name": {
          "string": "author",
        },
      },
      "identifier": {
        "entityId": "1",
        "entityType": "BookStore::Author",
      },
      "parents": [],
    },
    {
      "attributes": {
        "ageFrom": {
          "long": 10,
        },
        "author": {
          "entityIdentifier": {
            "entityId": "1",
            "entityType": "BookStore::Author",
          },
        },
        "title": {
          "string": "book",
        },
      },
      "identifier": {
        "entityId": "1",
        "entityType": "BookStore::Book",
      },
      "parents": [],
    },
    {
      "attributes": {
        "location": {
          "string": "storage",
        },
      },
      "identifier": {
        "entityId": "1",
        "entityType": "BookStore::Storage",
      },
      "parents": [],
    },
    {
      "attributes": {
        "name": {
          "string": "Managers",
        },
      },
      "identifier": {
        "entityId": "managers",
        "entityType": "BookStore::Role",
      },
      "parents": [],
    },
    {
      "attributes": {
        "name": {
          "string": "user",
        },
      },
      "identifier": {
        "entityId": "1",
        "entityType": "BookStore::User",
      },
      "parents": [
        {
          "entityId": "managers",
          "entityType": "BookStore::Role",
        },
      ],
    },
    {
      "attributes": {
        "books": {
          "set": [
            {
              "entityIdentifier": {
                "entityId": "1",
                "entityType": "BookStore::Book",
              },
            },
          ],
        },
        "manager": {
          "entityIdentifier": {
            "entityId": "1",
            "entityType": "BookStore::User",
          },
        },
        "stock": {
          "record": {
            "available": {
              "long": 10,
            },
            "reserved": {
              "long": 0,
            },
          },
        },
        "storage": {
          "entityIdentifier": {
            "entityId": "1",
            "entityType": "BookStore::Storage",
          },
        },
      },
      "identifier": {
        "entityId": "2",
        "entityType": "BookStore::Order",
      },
      "parents": [],
    },
  ],
}
`;
